// Jest Snapshot v1, https://goo.gl/fbAQLP

exports[`UsersDislikeLike renders without crashing 1`] = `ShallowWrapper {}`;
