// Jest Snapshot v1, https://goo.gl/fbAQLP

exports[`MainLikeDislike renders without crashing 1`] = `ShallowWrapper {}`;
